$ gocdk demo add blob
Error: demo add: couldn't find a Go module root at or above [ROOTDIR]

$ gocdk init myproj
gocdk: Project created at [ROOTDIR]/myproj with:
gocdk: - Go HTTP server
gocdk: - Dockerfile
gocdk: - 'dev' biome for local development settings
gocdk: Run `cd myproj`, then run:
gocdk: - `gocdk serve` to run the server locally with live code reloading
gocdk: - `gocdk demo` to test new APIs
gocdk: - `gocdk build` to build a Docker container
gocdk: - `gocdk biome add` to configure launch settings

$ cd myproj

$ gocdk demo add blob
gocdk: Adding "blob"...
gocdk:   added "demo_blob.go" to your project.
gocdk: Run 'gocdk serve' and visit http://localhost:8080/demo/blob to see the demo.

$ ls demo_blob.go
demo_blob.go

